// Jest Snapshot v1, https://goo.gl/fbAQLP

exports[` 1`] = `[Function]`;

exports[`Error component renders correctly 1`] = `
<div
  className="main"
>
  <h1>
    ページが見つかりませんでした
  </h1>
  <div
    className="wrapper"
  >
    <div
      className="error_message"
    >
      <h2>
        404
      </h2>
      <p>
        お探しのページが見つかりません。
        <br />
        一時的にアクセスできない状況にあるか、
        <br />
        削除された可能性があります。
      </p>
      <img
        alt="logo"
        data-nimg="1"
        decoding="async"
        height={200}
        loading="lazy"
        onError={[Function]}
        onLoad={[Function]}
        src="/_next/image?url=%2Fimages%2Fconcept%2Ffoodkoala_img2.png&w=640&q=75"
        srcSet="/_next/image?url=%2Fimages%2Fconcept%2Ffoodkoala_img2.png&w=256&q=75 1x, /_next/image?url=%2Fimages%2Fconcept%2Ffoodkoala_img2.png&w=640&q=75 2x"
        style={
          {
            "color": "transparent",
          }
        }
        width={200}
      />
      <br />
      <a
        className="link"
        href="/"
        onClick={[Function]}
        onMouseEnter={[Function]}
        onTouchStart={[Function]}
      >
        →サイトトップへ戻る
      </a>
    </div>
  </div>
</div>
`;

exports[`renders correctly 1`] = `
<a
  href="/"
  onClick={[Function]}
  onMouseEnter={[Function]}
  onTouchStart={[Function]}
>
  →サイトトップへ戻る
</a>
`;
