// Jest Snapshot v1, https://goo.gl/fbAQLP

exports[`お気に入りページのテスト データ待ちの場合のスナップショット 1`] = `[Function]`;

exports[`お気に入りページのテスト ログインしていない場合のスナップショット 1`] = `[Function]`;

exports[`お気に入りページのテスト ログイン後お気に入りがある場合のスナップショットテスト 1`] = `[Function]`;

exports[`お気に入りページのテスト ログイン後お気に入りがない場合のスナップショットテスト 1`] = `[Function]`;
