// Jest Snapshot v1, https://goo.gl/fbAQLP

exports[`OrderList renders Error when fetching data is failed 1`] = `
<DocumentFragment>
  <div>
    Error...
  </div>
</DocumentFragment>
`;

exports[`OrderList renders OrderList correctly when the cart is empty 1`] = `
<DocumentFragment>
  <div>
    Error...
  </div>
</DocumentFragment>
`;
